c:\chengine\chengine\vendor\glfw\bin\debug-windows-x86_64\glfw\glfw.pdb
c:\chengine\chengine\vendor\glfw\bin\debug-windows-x86_64\glfw\glfw.idb
c:\chengine\chengine\vendor\glfw\bin-int\debug-windows-x86_64\glfw\win32_window.obj
c:\chengine\chengine\vendor\glfw\bin-int\debug-windows-x86_64\glfw\win32_time.obj
c:\chengine\chengine\vendor\glfw\bin-int\debug-windows-x86_64\glfw\win32_thread.obj
c:\chengine\chengine\vendor\glfw\bin-int\debug-windows-x86_64\glfw\win32_monitor.obj
c:\chengine\chengine\vendor\glfw\bin-int\debug-windows-x86_64\glfw\win32_module.obj
c:\chengine\chengine\vendor\glfw\bin-int\debug-windows-x86_64\glfw\win32_joystick.obj
c:\chengine\chengine\vendor\glfw\bin-int\debug-windows-x86_64\glfw\win32_init.obj
c:\chengine\chengine\vendor\glfw\bin-int\debug-windows-x86_64\glfw\wgl_context.obj
c:\chengine\chengine\vendor\glfw\bin-int\debug-windows-x86_64\glfw\vulkan.obj
c:\chengine\chengine\vendor\glfw\bin-int\debug-windows-x86_64\glfw\platform.obj
c:\chengine\chengine\vendor\glfw\bin-int\debug-windows-x86_64\glfw\osmesa_context.obj
c:\chengine\chengine\vendor\glfw\bin-int\debug-windows-x86_64\glfw\null_window.obj
c:\chengine\chengine\vendor\glfw\bin-int\debug-windows-x86_64\glfw\null_monitor.obj
c:\chengine\chengine\vendor\glfw\bin-int\debug-windows-x86_64\glfw\null_joystick.obj
c:\chengine\chengine\vendor\glfw\bin-int\debug-windows-x86_64\glfw\null_init.obj
c:\chengine\chengine\vendor\glfw\bin-int\debug-windows-x86_64\glfw\monitor.obj
c:\chengine\chengine\vendor\glfw\bin-int\debug-windows-x86_64\glfw\input.obj
c:\chengine\chengine\vendor\glfw\bin-int\debug-windows-x86_64\glfw\init.obj
c:\chengine\chengine\vendor\glfw\bin-int\debug-windows-x86_64\glfw\egl_context.obj
c:\chengine\chengine\vendor\glfw\bin-int\debug-windows-x86_64\glfw\context.obj
c:\chengine\chengine\vendor\glfw\bin-int\debug-windows-x86_64\glfw\window.obj
c:\chengine\chengine\vendor\glfw\bin\debug-windows-x86_64\glfw\glfw.lib
c:\chengine\chengine\vendor\glfw\bin-int\debug-windows-x86_64\glfw\glfw.tlog\cl.command.1.tlog
c:\chengine\chengine\vendor\glfw\bin-int\debug-windows-x86_64\glfw\glfw.tlog\cl.items.tlog
c:\chengine\chengine\vendor\glfw\bin-int\debug-windows-x86_64\glfw\glfw.tlog\cl.read.1.tlog
c:\chengine\chengine\vendor\glfw\bin-int\debug-windows-x86_64\glfw\glfw.tlog\cl.write.1.tlog
c:\chengine\chengine\vendor\glfw\bin-int\debug-windows-x86_64\glfw\glfw.tlog\lib-link.read.1.tlog
c:\chengine\chengine\vendor\glfw\bin-int\debug-windows-x86_64\glfw\glfw.tlog\lib-link.write.1.tlog
c:\chengine\chengine\vendor\glfw\bin-int\debug-windows-x86_64\glfw\glfw.tlog\lib.command.1.tlog
